...........                                                              [100%]
11 passed in 1.44s
